// Jest Snapshot v1, https://goo.gl/fbAQLP

exports[`filterClients should filter EXTERNAL clients 1`] = `
Array [
  Object {
    "id": 3,
    "name": "Anna",
    "registered": 2017-03-09T23:00:00.000Z,
    "type": "EXTERNAL",
  },
  Object {
    "id": 4,
    "name": "Andrzej",
    "registered": 2020-11-08T23:00:00.000Z,
    "type": "EXTERNAL",
  },
]
`;

exports[`filterClients should filter INTERNAL clients 1`] = `
Array [
  Object {
    "id": 1,
    "name": "Jan",
    "registered": 2019-05-11T22:00:00.000Z,
    "type": "INTERNAL",
  },
  Object {
    "id": 2,
    "name": "Maria",
    "registered": 2018-04-10T22:00:00.000Z,
    "type": "INTERNAL",
  },
  Object {
    "id": 5,
    "name": "Janina",
    "registered": 2019-12-02T23:00:00.000Z,
    "type": "INTERNAL",
  },
]
`;
